---------data_memory_pos-32-bit---
0x0000 - 0x00000000 - 0
0x0001 - 0x00000048 - 72
0x0002 - 0x00000065 - 101
0x0003 - 0x0000006c - 108
0x0004 - 0x0000006c - 108
0x0005 - 0x0000006f - 111
0x0006 - 0x0000002c - 44
0x0007 - 0x00000020 - 32
0x0008 - 0x00000077 - 119
0x0009 - 0x0000006f - 111
0x000a - 0x00000072 - 114
0x000b - 0x0000006c - 108
0x000c - 0x00000064 - 100
0x000d - 0x00000021 - 33
0x000e - 0x00000000 - 0
---------command_memory---8-bit---
<address> - <HEXCODE> - <mnemonic>
0x0000-0x0004 - 0x2000000005 - jmp 5
0x0005-0x0009 - 0x190000000b - call 11
0x000a - 0xff - halt
0x000b-0x000f - 0x0600000001 - literal 1
0x0010 - 0x07 - stack_to_a
0x0011 - 0x21 - a_load_+
0x0012 - 0x17 - dup
0x0013-0x0017 - 0x1b00000022 - if 34
0x0018-0x001c - 0x1f00007cff - store 31999
0x001d-0x0021 - 0x2000000011 - jmp 17
0x0022 - 0x16 - drop
0x0023-0x0027 - 0x0600000000 - literal 0
0x0028 - 0x16 - drop
0x0029-0x002d - 0x0600000000 - literal 0
0x002e - 0x1a - return
