---------data_memory_pos-32-bit---
0x0000 - 0x00000000 - 0
0x0001 - 0x00000000 - 0
0x0002 - 0x00000000 - 0
0x0003 - 0x00000000 - 0
0x0004 - 0x00000000 - 0
---------command_memory---8-bit---
<address> - <HEXCODE> - <mnemonic>
0x0000-0x0004 - 0x2000000005 - jmp 5
0x0005-0x0009 - 0x190000000b - call 11
0x000a - 0xff - halt
0x000b-0x000f - 0x0600000001 - literal 1
0x0010-0x0014 - 0x1f00000001 - store 1
0x0015-0x0019 - 0x0600000000 - literal 0
0x001a-0x001e - 0x1f00000002 - store 2
0x001f-0x0023 - 0x0600000000 - literal 0
0x0024-0x0028 - 0x1f00000003 - store 3
0x0029-0x002d - 0x0600000000 - literal 0
0x002e-0x0032 - 0x1f00000004 - store 4
0x0033-0x0037 - 0x0600000064 - literal 100
0x0038-0x003c - 0x0f00000001 - load 1
0x003d - 0x02 - sub
0x003e-0x0042 - 0x1c00000048 - mif 72
0x0043-0x0047 - 0x2000000089 - jmp 137
0x0048-0x004c - 0x0f00000002 - load 2
0x004d-0x0051 - 0x0f00000001 - load 1
0x0052 - 0x03 - add
0x0053 - 0x17 - dup
0x0054-0x0058 - 0x1f00000002 - store 2
0x0059 - 0x16 - drop
0x005a-0x005e - 0x0f00000003 - load 3
0x005f-0x0063 - 0x0f00000001 - load 1
0x0064-0x0068 - 0x0f00000001 - load 1
0x0069 - 0x04 - mul
0x006a - 0x03 - add
0x006b - 0x17 - dup
0x006c-0x0070 - 0x1f00000003 - store 3
0x0071 - 0x16 - drop
0x0072-0x0076 - 0x0f00000001 - load 1
0x0077-0x007b - 0x0600000001 - literal 1
0x007c - 0x03 - add
0x007d - 0x17 - dup
0x007e-0x0082 - 0x1f00000001 - store 1
0x0083 - 0x16 - drop
0x0084-0x0088 - 0x2000000033 - jmp 51
0x0089-0x008d - 0x0f00000002 - load 2
0x008e-0x0092 - 0x0f00000002 - load 2
0x0093 - 0x04 - mul
0x0094-0x0098 - 0x0f00000003 - load 3
0x0099 - 0x02 - sub
0x009a - 0x17 - dup
0x009b-0x009f - 0x1f00000004 - store 4
0x00a0 - 0x16 - drop
0x00a1-0x00a5 - 0x0f00000004 - load 4
0x00a6-0x00aa - 0x1f00007cff - store 31999
0x00ab-0x00af - 0x0600000000 - literal 0
0x00b0 - 0x16 - drop
0x00b1-0x00b5 - 0x0600000000 - literal 0
0x00b6 - 0x1a - return
