---------data_memory_pos-32-bit---
0x0000 - 0x00000029 - 41
0x0001 - 0x00000000 - 0
0x0002 - 0x00000000 - 0
0x0003 - 0x00000000 - 0
0x0004 - 0x00000057 - 87
0x0005 - 0x00000068 - 104
0x0006 - 0x00000061 - 97
0x0007 - 0x00000074 - 116
0x0008 - 0x00000020 - 32
0x0009 - 0x00000069 - 105
0x000a - 0x00000073 - 115
0x000b - 0x00000020 - 32
0x000c - 0x00000079 - 121
0x000d - 0x0000006f - 111
0x000e - 0x00000075 - 117
0x000f - 0x00000072 - 114
0x0010 - 0x00000020 - 32
0x0011 - 0x0000006e - 110
0x0012 - 0x00000061 - 97
0x0013 - 0x0000006d - 109
0x0014 - 0x00000065 - 101
0x0015 - 0x0000003f - 63
0x0016 - 0x0000000a - 10
0x0017 - 0x00000000 - 0
0x0018 - 0x00000048 - 72
0x0019 - 0x00000065 - 101
0x001a - 0x0000006c - 108
0x001b - 0x0000006c - 108
0x001c - 0x0000006f - 111
0x001d - 0x0000002c - 44
0x001e - 0x00000020 - 32
0x001f - 0x00000000 - 0
0x0020 - 0x00000021 - 33
0x0021 - 0x00000000 - 0
---------command_memory---8-bit---
<address> - <HEXCODE> - <mnemonic>
0x0000-0x0004 - 0x2000000005 - jmp 5
0x0005-0x0009 - 0x0600000000 - literal 0
0x000a-0x000e - 0x1f00000001 - store 1
0x000f-0x0013 - 0x0600000000 - literal 0
0x0014-0x0018 - 0x1f00000002 - store 2
0x0019-0x001d - 0x0600000000 - literal 0
0x001e-0x0022 - 0x1f00000003 - store 3
0x0023-0x0027 - 0x190000006a - call 106
0x0028 - 0xff - halt
0x0029-0x002d - 0x0f00007cfe - load 31998
0x002e - 0x17 - dup
0x002f-0x0033 - 0x1f00000003 - store 3
0x0034 - 0x16 - drop
0x0035-0x0039 - 0x0600000001 - literal 1
0x003a - 0x17 - dup
0x003b-0x003f - 0x1f00000001 - store 1
0x0040 - 0x16 - drop
0x0041-0x0045 - 0x0f00000003 - load 3
0x0046-0x004a - 0x060000000a - literal 10
0x004b - 0x02 - sub
0x004c-0x0050 - 0x250000005d - nif 93
0x0051-0x0055 - 0x0600000001 - literal 1
0x0056 - 0x17 - dup
0x0057-0x005b - 0x1f00000002 - store 2
0x005c - 0x16 - drop
0x005d - 0x22 - iret
0x005e-0x0062 - 0x0600000000 - literal 0
0x0063 - 0x16 - drop
0x0064-0x0068 - 0x0600000000 - literal 0
0x0069 - 0x1a - return
0x006a-0x006e - 0x0600000004 - literal 4
0x006f - 0x07 - stack_to_a
0x0070 - 0x21 - a_load_+
0x0071 - 0x17 - dup
0x0072-0x0076 - 0x1b00000081 - if 129
0x0077-0x007b - 0x1f00007cff - store 31999
0x007c-0x0080 - 0x2000000070 - jmp 112
0x0081 - 0x16 - drop
0x0082-0x0086 - 0x0600000000 - literal 0
0x0087 - 0x16 - drop
0x0088-0x008c - 0x0600000018 - literal 24
0x008d - 0x07 - stack_to_a
0x008e - 0x21 - a_load_+
0x008f - 0x17 - dup
0x0090-0x0094 - 0x1b0000009f - if 159
0x0095-0x0099 - 0x1f00007cff - store 31999
0x009a-0x009e - 0x200000008e - jmp 142
0x009f - 0x16 - drop
0x00a0-0x00a4 - 0x0600000000 - literal 0
0x00a5 - 0x16 - drop
0x00a6-0x00aa - 0x0f00000002 - load 2
0x00ab-0x00af - 0x0600000000 - literal 0
0x00b0 - 0x02 - sub
0x00b1-0x00b5 - 0x25000000fc - nif 252
0x00b6-0x00ba - 0x0f00000001 - load 1
0x00bb-0x00bf - 0x0600000000 - literal 0
0x00c0 - 0x02 - sub
0x00c1-0x00c5 - 0x25000000cb - nif 203
0x00c6-0x00ca - 0x20000000b6 - jmp 182
0x00cb-0x00cf - 0x0f00000002 - load 2
0x00d0-0x00d4 - 0x0600000000 - literal 0
0x00d5 - 0x02 - sub
0x00d6-0x00da - 0x25000000f7 - nif 247
0x00db-0x00df - 0x0f00000003 - load 3
0x00e0-0x00e4 - 0x1f00007cff - store 31999
0x00e5-0x00e9 - 0x0600000000 - literal 0
0x00ea - 0x16 - drop
0x00eb-0x00ef - 0x0600000000 - literal 0
0x00f0 - 0x17 - dup
0x00f1-0x00f5 - 0x1f00000001 - store 1
0x00f6 - 0x16 - drop
0x00f7-0x00fb - 0x20000000a6 - jmp 166
0x00fc-0x0100 - 0x0600000020 - literal 32
0x0101 - 0x07 - stack_to_a
0x0102 - 0x21 - a_load_+
0x0103 - 0x17 - dup
0x0104-0x0108 - 0x1b00000113 - if 275
0x0109-0x010d - 0x1f00007cff - store 31999
0x010e-0x0112 - 0x2000000102 - jmp 258
0x0113 - 0x16 - drop
0x0114-0x0118 - 0x0600000000 - literal 0
0x0119 - 0x16 - drop
0x011a-0x011e - 0x0600000000 - literal 0
0x011f - 0x1a - return
