---------data_memory_pos-32-bit---
0x0000 - 0x00000000 - 0
0x0001 - 0x00000000 - 0
0x0002 - 0x00000000 - 0
0x0003 - 0x0000004f - 79
0x0004 - 0x0000004b - 75
0x0005 - 0x00000000 - 0
0x0006 - 0x00000046 - 70
0x0007 - 0x00000041 - 65
0x0008 - 0x00000049 - 73
0x0009 - 0x0000004c - 76
0x000a - 0x00000000 - 0
---------command_memory---8-bit---
<address> - <HEXCODE> - <mnemonic>
0x0000-0x0004 - 0x2000000005 - jmp 5
0x0005-0x0009 - 0x190000001d - call 29
0x000a - 0xff - halt
0x000b-0x000f - 0x0f00000001 - load 1
0x0010-0x0014 - 0x0f00000001 - load 1
0x0015 - 0x04 - mul
0x0016 - 0x1a - return
0x0017-0x001b - 0x0600000000 - literal 0
0x001c - 0x1a - return
0x001d-0x0021 - 0x0600000007 - literal 7
0x0022-0x0026 - 0x1f00000001 - store 1
0x0027-0x002b - 0x190000000b - call 11
0x002c-0x0030 - 0x1f00000002 - store 2
0x0031-0x0035 - 0x0f00000002 - load 2
0x0036-0x003a - 0x0600000031 - literal 49
0x003b - 0x02 - sub
0x003c-0x0040 - 0x2500000064 - nif 100
0x0041-0x0045 - 0x0600000003 - literal 3
0x0046 - 0x07 - stack_to_a
0x0047 - 0x21 - a_load_+
0x0048 - 0x17 - dup
0x0049-0x004d - 0x1b00000058 - if 88
0x004e-0x0052 - 0x1f00007cff - store 31999
0x0053-0x0057 - 0x2000000047 - jmp 71
0x0058 - 0x16 - drop
0x0059-0x005d - 0x0600000000 - literal 0
0x005e - 0x16 - drop
0x005f-0x0063 - 0x2000000082 - jmp 130
0x0064-0x0068 - 0x0600000006 - literal 6
0x0069 - 0x07 - stack_to_a
0x006a - 0x21 - a_load_+
0x006b - 0x17 - dup
0x006c-0x0070 - 0x1b0000007b - if 123
0x0071-0x0075 - 0x1f00007cff - store 31999
0x0076-0x007a - 0x200000006a - jmp 106
0x007b - 0x16 - drop
0x007c-0x0080 - 0x0600000000 - literal 0
0x0081 - 0x16 - drop
0x0082-0x0086 - 0x0600000000 - literal 0
0x0087 - 0x1a - return
