---------data_memory_pos-32-bit---
0x0000 - 0x0000001f - 31
0x0001 - 0x00000000 - 0
0x0002 - 0x00000000 - 0
---------command_memory---8-bit---
<address> - <HEXCODE> - <mnemonic>
0x0000-0x0004 - 0x2000000005 - jmp 5
0x0005-0x0009 - 0x0600000000 - literal 0
0x000a-0x000e - 0x1f00000001 - store 1
0x000f-0x0013 - 0x0600000000 - literal 0
0x0014-0x0018 - 0x1f00000002 - store 2
0x0019-0x001d - 0x1900000069 - call 105
0x001e - 0xff - halt
0x001f-0x0023 - 0x0f00007cfe - load 31998
0x0024 - 0x17 - dup
0x0025-0x0029 - 0x1f00000002 - store 2
0x002a - 0x16 - drop
0x002b-0x002f - 0x0f00000002 - load 2
0x0030-0x0034 - 0x060000000a - literal 10
0x0035 - 0x02 - sub
0x0036-0x003a - 0x250000004c - nif 76
0x003b-0x003f - 0x0600000001 - literal 1
0x0040 - 0x17 - dup
0x0041-0x0045 - 0x1f00000001 - store 1
0x0046 - 0x16 - drop
0x0047-0x004b - 0x200000005c - jmp 92
0x004c-0x0050 - 0x0f00000002 - load 2
0x0051-0x0055 - 0x1f00007cff - store 31999
0x0056-0x005a - 0x0600000000 - literal 0
0x005b - 0x16 - drop
0x005c - 0x22 - iret
0x005d-0x0061 - 0x0600000000 - literal 0
0x0062 - 0x16 - drop
0x0063-0x0067 - 0x0600000000 - literal 0
0x0068 - 0x1a - return
0x0069-0x006d - 0x0f00000001 - load 1
0x006e-0x0072 - 0x0600000000 - literal 0
0x0073 - 0x02 - sub
0x0074-0x0078 - 0x250000007e - nif 126
0x0079-0x007d - 0x2000000069 - jmp 105
0x007e-0x0082 - 0x0600000000 - literal 0
0x0083 - 0x1a - return
