---------data_memory_pos-32-bit---
0x0000 - 0x00000000 - 0
0x0001 - 0x00000000 - 0
0x0002 - 0x00000000 - 0
0x0003 - 0x00000000 - 0
0x0004 - 0x00000000 - 0
0x0005 - 0x00000031 - 49
0x0006 - 0x00000020 - 32
0x0007 - 0x00000000 - 0
0x0008 - 0x00000030 - 48
0x0009 - 0x00000020 - 32
0x000a - 0x00000000 - 0
---------command_memory---8-bit---
<address> - <HEXCODE> - <mnemonic>
0x0000-0x0004 - 0x2000000005 - jmp 5
0x0005-0x0009 - 0x190000000b - call 11
0x000a - 0xff - halt
0x000b-0x000f - 0x0600000000 - literal 0
0x0010-0x0014 - 0x1f00000001 - store 1
0x0015-0x0019 - 0x063b9ac9ff - literal 999999999
0x001a-0x001e - 0x1f00000002 - store 2
0x001f-0x0023 - 0x0600000001 - literal 1
0x0024-0x0028 - 0x1f00000003 - store 3
0x0029-0x002d - 0x063b9aca00 - literal 1000000000
0x002e-0x0032 - 0x1f00000004 - store 4
0x0033-0x0037 - 0x0f00000002 - load 2
0x0038-0x003c - 0x0f00000003 - load 3
0x003d - 0x03 - add
0x003e - 0x17 - dup
0x003f-0x0043 - 0x1f00000002 - store 2
0x0044 - 0x16 - drop
0x0045-0x0049 - 0x0f00000002 - load 2
0x004a-0x004e - 0x0f00000004 - load 4
0x004f - 0x02 - sub
0x0050-0x0054 - 0x1c0000005a - mif 90
0x0055-0x0059 - 0x200000007e - jmp 126
0x005a-0x005e - 0x0f00000002 - load 2
0x005f-0x0063 - 0x0f00000004 - load 4
0x0064 - 0x02 - sub
0x0065 - 0x17 - dup
0x0066-0x006a - 0x1f00000002 - store 2
0x006b - 0x16 - drop
0x006c-0x0070 - 0x0f00000001 - load 1
0x0071-0x0075 - 0x0600000001 - literal 1
0x0076 - 0x03 - add
0x0077 - 0x17 - dup
0x0078-0x007c - 0x1f00000001 - store 1
0x007d - 0x16 - drop
0x007e-0x0082 - 0x0f00000001 - load 1
0x0083-0x0087 - 0x0600000001 - literal 1
0x0088 - 0x02 - sub
0x0089-0x008d - 0x25000000ac - nif 172
0x008e-0x0092 - 0x0600000005 - literal 5
0x0093 - 0x07 - stack_to_a
0x0094 - 0x21 - a_load_+
0x0095 - 0x17 - dup
0x0096-0x009a - 0x1b000000a5 - if 165
0x009b-0x009f - 0x1f00007cff - store 31999
0x00a0-0x00a4 - 0x2000000094 - jmp 148
0x00a5 - 0x16 - drop
0x00a6-0x00aa - 0x0600000000 - literal 0
0x00ab - 0x16 - drop
0x00ac-0x00b0 - 0x0f00000002 - load 2
0x00b1-0x00b5 - 0x0600000000 - literal 0
0x00b6 - 0x02 - sub
0x00b7-0x00bb - 0x25000000da - nif 218
0x00bc-0x00c0 - 0x0600000008 - literal 8
0x00c1 - 0x07 - stack_to_a
0x00c2 - 0x21 - a_load_+
0x00c3 - 0x17 - dup
0x00c4-0x00c8 - 0x1b000000d3 - if 211
0x00c9-0x00cd - 0x1f00007cff - store 31999
0x00ce-0x00d2 - 0x20000000c2 - jmp 194
0x00d3 - 0x16 - drop
0x00d4-0x00d8 - 0x0600000000 - literal 0
0x00d9 - 0x16 - drop
0x00da-0x00de - 0x0600000000 - literal 0
0x00df - 0x1a - return
