---------data_memory_pos-32-bit---
0x0000 - 0x00000051 - 81
0x0001 - 0x00000000 - 0
0x0002 - 0x00000000 - 0
0x0003 - 0x00000000 - 0
0x0004 - 0x00000000 - 0
0x0005 - 0x00000000 - 0
0x0006 - 0x00000000 - 0
0x0007 - 0x00000000 - 0
---------command_memory---8-bit---
<address> - <HEXCODE> - <mnemonic>
0x0000-0x0004 - 0x2000000005 - jmp 5
0x0005-0x0009 - 0x0600000000 - literal 0
0x000a-0x000e - 0x1f00000001 - store 1
0x000f-0x0013 - 0x0600000000 - literal 0
0x0014-0x0018 - 0x1f00000002 - store 2
0x0019-0x001d - 0x0600000000 - literal 0
0x001e-0x0022 - 0x1f00000003 - store 3
0x0023-0x0027 - 0x0600000000 - literal 0
0x0028-0x002c - 0x1f00000004 - store 4
0x002d-0x0031 - 0x0600000000 - literal 0
0x0032-0x0036 - 0x1f00000005 - store 5
0x0037-0x003b - 0x0600000000 - literal 0
0x003c-0x0040 - 0x1f00000006 - store 6
0x0041-0x0045 - 0x0600000000 - literal 0
0x0046-0x004a - 0x1f00000007 - store 7
0x004b-0x004f - 0x19000000eb - call 235
0x0050 - 0xff - halt
0x0051-0x0055 - 0x0f00007cfe - load 31998
0x0056 - 0x17 - dup
0x0057-0x005b - 0x1f00000003 - store 3
0x005c - 0x16 - drop
0x005d-0x0061 - 0x0f00000003 - load 3
0x0062-0x0066 - 0x060000000a - literal 10
0x0067 - 0x02 - sub
0x0068-0x006c - 0x250000007e - nif 126
0x006d-0x0071 - 0x0600000001 - literal 1
0x0072 - 0x17 - dup
0x0073-0x0077 - 0x1f00000002 - store 2
0x0078 - 0x16 - drop
0x0079-0x007d - 0x20000000de - jmp 222
0x007e-0x0082 - 0x0f00000001 - load 1
0x0083-0x0087 - 0x0600000000 - literal 0
0x0088 - 0x02 - sub
0x0089-0x008d - 0x250000009f - nif 159
0x008e-0x0092 - 0x0f00000003 - load 3
0x0093 - 0x17 - dup
0x0094-0x0098 - 0x1f00000004 - store 4
0x0099 - 0x16 - drop
0x009a-0x009e - 0x20000000cc - jmp 204
0x009f-0x00a3 - 0x0f00000001 - load 1
0x00a4-0x00a8 - 0x0600000001 - literal 1
0x00a9 - 0x02 - sub
0x00aa-0x00ae - 0x25000000c0 - nif 192
0x00af-0x00b3 - 0x0f00000003 - load 3
0x00b4 - 0x17 - dup
0x00b5-0x00b9 - 0x1f00000005 - store 5
0x00ba - 0x16 - drop
0x00bb-0x00bf - 0x20000000cc - jmp 204
0x00c0-0x00c4 - 0x0f00000003 - load 3
0x00c5 - 0x17 - dup
0x00c6-0x00ca - 0x1f00000006 - store 6
0x00cb - 0x16 - drop
0x00cc-0x00d0 - 0x0f00000001 - load 1
0x00d1-0x00d5 - 0x0600000001 - literal 1
0x00d6 - 0x03 - add
0x00d7 - 0x17 - dup
0x00d8-0x00dc - 0x1f00000001 - store 1
0x00dd - 0x16 - drop
0x00de - 0x22 - iret
0x00df-0x00e3 - 0x0600000000 - literal 0
0x00e4 - 0x16 - drop
0x00e5-0x00e9 - 0x0600000000 - literal 0
0x00ea - 0x1a - return
0x00eb-0x00ef - 0x0f00000002 - load 2
0x00f0-0x00f4 - 0x0600000000 - literal 0
0x00f5 - 0x02 - sub
0x00f6-0x00fa - 0x2500000100 - nif 256
0x00fb-0x00ff - 0x20000000eb - jmp 235
0x0100-0x0104 - 0x0f00000005 - load 5
0x0105-0x0109 - 0x0f00000004 - load 4
0x010a - 0x02 - sub
0x010b-0x010f - 0x1c00000134 - mif 308
0x0110-0x0114 - 0x0f00000004 - load 4
0x0115 - 0x17 - dup
0x0116-0x011a - 0x1f00000007 - store 7
0x011b - 0x16 - drop
0x011c-0x0120 - 0x0f00000005 - load 5
0x0121 - 0x17 - dup
0x0122-0x0126 - 0x1f00000004 - store 4
0x0127 - 0x16 - drop
0x0128-0x012c - 0x0f00000007 - load 7
0x012d - 0x17 - dup
0x012e-0x0132 - 0x1f00000005 - store 5
0x0133 - 0x16 - drop
0x0134-0x0138 - 0x0f00000006 - load 6
0x0139-0x013d - 0x0f00000005 - load 5
0x013e - 0x02 - sub
0x013f-0x0143 - 0x1c00000168 - mif 360
0x0144-0x0148 - 0x0f00000005 - load 5
0x0149 - 0x17 - dup
0x014a-0x014e - 0x1f00000007 - store 7
0x014f - 0x16 - drop
0x0150-0x0154 - 0x0f00000006 - load 6
0x0155 - 0x17 - dup
0x0156-0x015a - 0x1f00000005 - store 5
0x015b - 0x16 - drop
0x015c-0x0160 - 0x0f00000007 - load 7
0x0161 - 0x17 - dup
0x0162-0x0166 - 0x1f00000006 - store 6
0x0167 - 0x16 - drop
0x0168-0x016c - 0x0f00000005 - load 5
0x016d-0x0171 - 0x0f00000004 - load 4
0x0172 - 0x02 - sub
0x0173-0x0177 - 0x1c0000019c - mif 412
0x0178-0x017c - 0x0f00000004 - load 4
0x017d - 0x17 - dup
0x017e-0x0182 - 0x1f00000007 - store 7
0x0183 - 0x16 - drop
0x0184-0x0188 - 0x0f00000005 - load 5
0x0189 - 0x17 - dup
0x018a-0x018e - 0x1f00000004 - store 4
0x018f - 0x16 - drop
0x0190-0x0194 - 0x0f00000007 - load 7
0x0195 - 0x17 - dup
0x0196-0x019a - 0x1f00000005 - store 5
0x019b - 0x16 - drop
0x019c-0x01a0 - 0x0f00000004 - load 4
0x01a1-0x01a5 - 0x1f00007cff - store 31999
0x01a6-0x01aa - 0x0600000000 - literal 0
0x01ab - 0x16 - drop
0x01ac-0x01b0 - 0x0f00000005 - load 5
0x01b1-0x01b5 - 0x1f00007cff - store 31999
0x01b6-0x01ba - 0x0600000000 - literal 0
0x01bb - 0x16 - drop
0x01bc-0x01c0 - 0x0f00000006 - load 6
0x01c1-0x01c5 - 0x1f00007cff - store 31999
0x01c6-0x01ca - 0x0600000000 - literal 0
0x01cb - 0x16 - drop
0x01cc-0x01d0 - 0x0600000000 - literal 0
0x01d1 - 0x1a - return
